       |module tvision;
       |
       |public import tpoint;
       |public import tview;
       |public import trect;
       |public import tobject;
       |public import tstatusline;
       |public import tdesktop;
       |public import tstreamable;
       |public import tcommandset;
       |public import tevent;
       |public import tpalette;
       |public import tdrawbuffer;
       |public import tgroup;
       |public import tgkey;
       |public import tscreen;
       |public import tdisplay;
       |public import codepage;
       |public import teventqueue;
       |public import ttypes;
       |public import tvconfig;
       |public import views;
       |public import tbutton;
       |public import tvalidator;
       |public import tprogram;
       |public import tdialog;
       |public import common;
       |public import tvconfig;
       |public import tmenu;
       |public import configfile;
       |public import tsitem;
       |public import tcluster;
       |public import tcheckboxes;
       |public import tinputline;
       |public import tstatictext;
       |public import tlabel;
       |public import msgbox;
       |public import twindow;
       |public import tscrollbar;
       |public import tscroller;
       |public import tapplication;
       |public import tradiobuttons;
       |public import progressbar;
       |public import tlistviewer;
       |public import tlistbox;
       |public import thistory;
       |public import thistoryviewer;
       |public import thistorywindow;
       |
       |public import tsortedlistbox;
       |public import thistorywindow;
       |
       |public import tfiledialog;
       |public import tfilelist;
