       |module tradiobuttons;
       |
       |import tvision;
       |
       |static string button = " ( ) ";
       |static wchar check = '*';
       |
       |class TRadioButtons : TCluster {
       |
       |        private uint[] enableMasks;
       |    private TView[] enableViews;
       |    private int enableCViews;
       |
0000000|        this(in TRect bounds, TSItem *aStrings) {
0000000|                super(bounds, aStrings);
       |        }
       |
       |        void setEnableMask( uint[] masks, TView[] views, int cViews ) {
0000000|                enableMasks = masks;
0000000|                enableViews = views;
0000000|                enableCViews = cViews;
       |    }
       |
       |    override void draw() {
0000000|            drawBox( button, check );
       |        }
       |
       |        override bool mark( int item ) {
0000000|            return cast(uint)item == value;
       |        }
       |
       |        override void press( int item ) {
0000000|            value = item;
0000000|            TCluster.press(item);
0000000|            evaluateMasks();
       |        }
       |
       |        override void movedTo( int item ) {
0000000|            value = item;
0000000|            TCluster.movedTo(item);
0000000|            evaluateMasks();
       |        }
       |
       |        override void setData( void * rec ) {
0000000|            TCluster.setData(rec);
0000000|            sel = value;
0000000|            evaluateMasks();
       |        }
       |
       |        void evaluateMasks() {
0000000|            if( !enableMasks )
0000000|                return;
       |
0000000|            uint theMask = enableMasks[value];
0000000|            for( uint i = 0, mask = 1; i < enableCViews; mask <<= 1, i++ ) {
0000000|                TView view = enableViews[i];
0000000|                if( theMask & mask ) {// Enable this view
0000000|                                if( view.state & sfDisabled )
0000000|                                        view.setState( sfDisabled, false );
       |                        } else {// Disable this view
0000000|                                if( !( view.state & sfDisabled ) )
0000000|                                        view.setState( sfDisabled, true );
       |                        }
       |                }
       |        }
       |
       |        override uint dataSize() {
0000000|            return 4;
       |        }
       |}
..\tradiobuttons.d is 0% covered
